
Running 7 tests using 1 worker

libEGL warning: egl: failed to create dri2 screen
libEGL warning: egl: failed to create dri2 screen
  ✓  1 test/e2e/orca.spec.ts:189:5 › orca-bridge-named-message-and-native-button-role (7.6s)
libEGL warning: egl: failed to create dri2 screen
libEGL warning: egl: failed to create dri2 screen
  ✘  2 test/e2e/orca.spec.ts:195:5 › orca-chat-results-attach-cancel-save-copy-report (40.3s)
libEGL warning: egl: failed to create dri2 screen
libEGL warning: egl: failed to create dri2 screen
  ✓  3 test/e2e/orca.spec.ts:236:5 › orca-conversation-child-modal-search (11.3s)
libEGL warning: egl: failed to create dri2 screen
libEGL warning: egl: failed to create dri2 screen
  ✓  4 test/e2e/orca.spec.ts:272:5 › orca-busy-steer-consumed-queued-stop-resume-unknown-no-flood (20.4s)
libEGL warning: egl: failed to create dri2 screen
libEGL warning: egl: failed to create dri2 screen
  ✓  5 test/e2e/orca.spec.ts:322:5 › orca-all-eleven-settings-names-roles-states-errors-secret (2.6m)
libEGL warning: egl: failed to create dri2 screen
libEGL warning: egl: failed to create dri2 screen
  ✓  6 test/e2e/orca.spec.ts:382:5 › orca-delayed-history-search-retains-focused-current-message (10.9s)
libEGL warning: egl: failed to create dri2 screen
libEGL warning: egl: failed to create dri2 screen
  ✓  7 test/e2e/orca.spec.ts:397:5 › orca-real-core-services-when-explicitly-provisioned (14.3s)


  1) test/e2e/orca.spec.ts:195:5 › orca-chat-results-attach-cancel-save-copy-report ────────────────

    Error: Error: Owned active native dialog required: Attach files

    Owned active native dialog required: Attach files

    expect(received).toBe(expected) // Object.is equality

    Expected: true
    Received: false

    Call Log:
    - Timeout 20000ms exceeded while waiting on the predicate
    Last AT-SPI lookup: {"native_dialog_lookup": [{"peer": ":1.18", "path": "/org/a11y/atspi/accessible/1", "error": "org.freedesktop.DBus.Error.NameHasNoOwner: Could not get UID of name ':1.18': no such name"}]}
    {"passed": false, "error": "No owned active AT-SPI dialog: Attach files"}


      173 |     }
      174 |   }, { message: `Owned active native dialog required: ${title}` }).toBe(true).catch((error) => {
    > 175 |     throw new Error(`${error}\nLast AT-SPI lookup: ${lookup}`)
          |           ^
      176 |   })
      177 |   if (action !== 'describe') {
      178 |     execFileSync('/usr/bin/python3', ['-B', guest, 'native', title, action, ...(path ? [path] : [])],
        at /var/tmp/odq-orca-614e1daf036e4010b80b4e1afc3bd6d8/app/test/e2e/orca.spec.ts:175:11
        at native (/var/tmp/odq-orca-614e1daf036e4010b80b4e1afc3bd6d8/app/test/e2e/orca.spec.ts:164:3)
        at /var/tmp/odq-orca-614e1daf036e4010b80b4e1afc3bd6d8/app/test/e2e/orca.spec.ts:215:3

    attachment #11: guest-desktop (image/png) ──────────────────────────────────────────────────────
    ../evidence/tasks/orca-orca-chat-results-attach-cancel-save-copy-report/attachments/guest-desktop-8da0334e563acdb2a676fb3b4a4d4ef79d43af3a.png
    ────────────────────────────────────────────────────────────────────────────────────────────────

    Error Context: ../evidence/tasks/orca-orca-chat-results-attach-cancel-save-copy-report/error-context.md

    attachment #15: trace (application/zip) ────────────────────────────────────────────────────────
    ../evidence/tasks/orca-orca-chat-results-attach-cancel-save-copy-report/trace.zip
    Usage:

        npx playwright show-trace ../evidence/tasks/orca-orca-chat-results-attach-cancel-save-copy-report/trace.zip

    ────────────────────────────────────────────────────────────────────────────────────────────────

  1 failed
    test/e2e/orca.spec.ts:195:5 › orca-chat-results-attach-cancel-save-copy-report ─────────────────
  6 passed (4.3m)
